[www.aishk.edu.hk/index.html]
[www.aishk.edu.hk/apple-touch-icon.png]
[www.aishk.edu.hk/favicon-32x32.png]
[www.aishk.edu.hk/favicon-16x16.png]
[www.aishk.edu.hk/site.webmanifest]
[backblue.gif]
[fade.gif]
[index.html]
[www.aishk.edu.hk/safari-pinned-tab.svg]
[www.aishk.edu.hk/css/main4c44.css]
[cdn.plyr.io/3.7.3/plyr.css]
[www.aishk.edu.hk/app.html]
[www.aishk.edu.hk/current-family-information.html]
[www.aishk.edu.hk/welcome/from-the-head-of-school.html]
[www.aishk.edu.hk/welcome/vision-mission-and-values.html]
[www.aishk.edu.hk/welcome/facts-at-a-glance.html]
[www.aishk.edu.hk/welcome/our-history.html]
[www.aishk.edu.hk/welcome/governance.html]
[www.aishk.edu.hk/welcome/our-staff.html]
[www.aishk.edu.hk/welcome/life-in-hong-kong.html]
[www.aishk.edu.hk/welcome/a-career-at-aishk.html]
[www.aishk.edu.hk/welcome/child-protection.html]
[www.aishk.edu.hk/school-life/the-school-day.html]
[www.aishk.edu.hk/school-life/weather-policy.html]
[www.aishk.edu.hk/school-life/extra-curricular-activities.html]
[www.aishk.edu.hk/school-life/parent-association.html]
[www.aishk.edu.hk/school-life/student-support.html]
[www.aishk.edu.hk/school-life/calendars-and-key-dates.html]
[www.aishk.edu.hk/school-life/school-uniform.html]
[www.aishk.edu.hk/school-life/food-and-catering.html]
[www.aishk.edu.hk/school-life/school-transport.html]
[www.aishk.edu.hk/admissions/why-aishk.html]
[www.aishk.edu.hk/admissions/book-a-tour.html]
[www.aishk.edu.hk/admissions/application-information.html]
[www.aishk.edu.hk/admissions/tuition-and-fees.html]
[www.aishk.edu.hk/new-family-information.html]
[www.aishk.edu.hk/img/logo.svg]
[www.aishk.edu.hk/learning/our-approach.html]
[www.aishk.edu.hk/learning/primary.html]
[www.aishk.edu.hk/learning/secondary.html]
[www.aishk.edu.hk/learning/library-services.html]
[www.aishk.edu.hk/learning/language-and-culture.html]
[www.aishk.edu.hk/learning/results-and-pathways.html]
[www.aishk.edu.hk/beyond-the-classroom/sport.html]
[www.aishk.edu.hk/beyond-the-classroom/performing-arts.html]
[www.aishk.edu.hk/beyond-the-classroom/art-and-design.html]
[www.aishk.edu.hk/beyond-the-classroom/camps-and-experiences.html]
[www.aishk.edu.hk/beyond-the-classroom/giving-back.html]
[www.aishk.edu.hk/connect/news-and-events.html]
[www.aishk.edu.hk/connect/publications.html]
[www.aishk.edu.hk/connect/alumni-association.html]
[www.aishk.edu.hk/connect/support-aishk.html]
[www.aishk.edu.hk/connect/contact-us.html]
[www.aishk.edu.hk/connect/follow-us.html]
[cdn.plyr.io/3.7.3/plyr.polyfilled.js]
[www.aishk.edu.hk/js/main.min4c44.js]
[cdn.digistorm.com.au/websites/digistorm.js]
[www.aishk.edu.hk/index.html]
[www.aishk.edu.hk/safari-pinned-tab.svg]
[www.aishk.edu.hk/img/loading.svg]
[www.aishk.edu.hk/fonts/AISHK/iconfont086e.eot]
[www.aishk.edu.hk/fonts/AISHK/iconfont086e.ttf]
[www.aishk.edu.hk/fonts/AISHK/iconfont086e.woff]
[www.aishk.edu.hk/fonts/AISHK/iconfont086e.svg]
[www.aishk.edu.hk/fonts/AvenirNext-DemiBold/AvenirNext-DemiBold.eot]
[www.aishk.edu.hk/fonts/AvenirNext-DemiBold/AvenirNext-DemiBoldd41d.eot]
[www.aishk.edu.hk/fonts/AvenirNext-DemiBold/AvenirNext-DemiBold.woff2]
[www.aishk.edu.hk/fonts/AvenirNext-DemiBold/AvenirNext-DemiBold.woff]
[www.aishk.edu.hk/fonts/AvenirNext-DemiBold/AvenirNext-DemiBold.ttf]
[www.aishk.edu.hk/fonts/AvenirNext-DemiBold/AvenirNext-DemiBold.svg]
[www.aishk.edu.hk/fonts/AvenirNext-Bold/AvenirNext-Bold.eot]
[www.aishk.edu.hk/fonts/AvenirNext-Bold/AvenirNext-Boldd41d.eot]
[www.aishk.edu.hk/fonts/AvenirNext-Bold/AvenirNext-Bold.woff2]
[www.aishk.edu.hk/fonts/AvenirNext-Bold/AvenirNext-Bold.woff]
[www.aishk.edu.hk/fonts/AvenirNext-Bold/AvenirNext-Bold.ttf]
[www.aishk.edu.hk/fonts/AvenirNext-Bold/AvenirNext-Bold.svg]
[www.aishk.edu.hk/fonts/AvenirLTStd-Roman/AvenirLTStd-Roman.eot]
[www.aishk.edu.hk/fonts/AvenirLTStd-Roman/AvenirLTStd-Romand41d.eot]
[www.aishk.edu.hk/fonts/AvenirLTStd-Roman/AvenirLTStd-Roman.woff2]
[www.aishk.edu.hk/fonts/AvenirLTStd-Roman/AvenirLTStd-Roman.woff]
[www.aishk.edu.hk/fonts/AvenirLTStd-Roman/AvenirLTStd-Roman.ttf]
[www.aishk.edu.hk/fonts/AvenirLTStd-Roman/AvenirLTStd-Roman.svg]
[www.aishk.edu.hk/fonts/AvenirNext-Medium/AvenirNext-Medium.eot]
[www.aishk.edu.hk/fonts/AvenirNext-Medium/AvenirNext-Mediumd41d.eot]
[www.aishk.edu.hk/fonts/AvenirNext-Medium/AvenirNext-Medium.woff2]
[www.aishk.edu.hk/fonts/AvenirNext-Medium/AvenirNext-Medium.woff]
[www.aishk.edu.hk/fonts/AvenirNext-Medium/AvenirNext-Medium.ttf]
[www.aishk.edu.hk/fonts/AvenirNext-Medium/AvenirNext-Medium.svg]
[www.aishk.edu.hk/fonts/AvenirNext-Italic/AvenirNext-Italic.eot]
[www.aishk.edu.hk/fonts/AvenirNext-Italic/AvenirNext-Italicd41d.eot]
[www.aishk.edu.hk/fonts/AvenirNext-Italic/AvenirNext-Italic.woff2]
[www.aishk.edu.hk/fonts/AvenirNext-Italic/AvenirNext-Italic.woff]
[www.aishk.edu.hk/fonts/AvenirNext-Italic/AvenirNext-Italic.ttf]
[www.aishk.edu.hk/fonts/AvenirNext-Italic/AvenirNext-Italic.svg]
[www.aishk.edu.hk/img/header-shadow.png]
[www.aishk.edu.hk/img/white-oval-shadow.svg]
[www.aishk.edu.hk/img/discover/background-hk.jpg]
[www.aishk.edu.hk/img/discover/background-au.jpg]
[www.aishk.edu.hk/css/main4c44.css]
[cdn.plyr.io/3.7.3/plyr.css]
[www.aishk.edu.hk/app.html]
[media.sg.digistormhosting.com.au/aishk-hk-244-website/content/Calendars/2023-School-Calendar-August2023.207a1.jpg]
[media.sg.digistormhosting.com.au/aishk-hk-244-website/content/Calendars/2024-School-Calendar-November202383e3.jpg]
[www.aishk.edu.hk/admin/entries/pages/{asset_4670}]
[www.aishk.edu.hk/current-family-information.html]
[www.aishk.edu.hk/welcome/from-the-head-of-school.html]
[media.sg.digistormhosting.com.au/aishk-hk-244-website/video/star-013647.png]
[www.aishk.edu.hk/welcome/vision-mission-and-values.html]
[media.sg.digistormhosting.com.au/aishk-hk-244-website/content/Fact-at-a-Glance_2020-Page17df6.jpg]
[media.sg.digistormhosting.com.au/aishk-hk-244-website/content/Fact-at-a-Glance_2020-Page27320.jpg]
[www.aishk.edu.hk/welcome/facts-at-a-glance.html]
[media.sg.digistormhosting.com.au/aishk-hk-244-website/content/School-Ambassadors-Courtney-Baumgurtel-and-Bob-Zhou_model-future-campus-20009843.jpg]
[media.sg.digistormhosting.com.au/aishk-hk-244-website/content/Whole-school-photo-May-1995654c.jpg]
[media.sg.digistormhosting.com.au/aishk-hk-244-website/content/Page-Content/Our-History/Whole-School-202359ff.jpg]
[www.aishk.edu.hk/welcome/our-history.html]
[digistorm-websites-sg.s3-ap-southeast-1.amazonaws.com/aishk-hk-244-website/content/Staff-Photos/Board/Petty-Richard-Prof.jpg]
[digistorm-websites-sg.s3-ap-southeast-1.amazonaws.com/aishk-hk-244-website/content/Staff-Photos/Board/Macintosh-Andrew-Mr.jpg]
[digistorm-websites-sg.s3-ap-southeast-1.amazonaws.com/aishk-hk-244-website/content/Staff-Photos/Board/Corkhill-Thomas-Mr.jpg]
[digistorm-websites-sg.s3-ap-southeast-1.amazonaws.com/aishk-hk-244-website/content/Staff-Photos/Board/Hooley-Dan.jpg]
[digistorm-websites-sg.s3-ap-southeast-1.amazonaws.com/aishk-hk-244-website/content/Staff-Photos/Board/Lee-Joseph-Mr.jpg]
[media.sg.digistormhosting.com.au/aishk-hk-244-website/content/Staff-Photos/Board/Jenny-Huang.jpg]
[digistorm-websites-sg.s3-ap-southeast-1.amazonaws.com/aishk-hk-244-website/content/Staff-Photos/Board/Fortescue-Kym-1.jpg]
[digistorm-websites-sg.s3-ap-southeast-1.amazonaws.com/aishk-hk-244-website/content/Staff-Photos/Board/Chan-David-Mr.jpg]
[digistorm-websites-sg.s3-ap-southeast-1.amazonaws.com/aishk-hk-244-website/content/Staff-Photos/Board/Wong-Dennis.jpg]
[digistorm-websites-sg.s3-ap-southeast-1.amazonaws.com/aishk-hk-244-website/content/Staff-Photos/Board/Elbl-Winnie.jpg]
[media.sg.digistormhosting.com.au/aishk-hk-244-website/content/Staff-Photos/Board/Board-Kevin-Cheung.jpg]
[media.sg.digistormhosting.com.au/aishk-hk-244-website/content/Staff-Photos/Board/Jeffrey-Chan-adjusted.png]
[www.aishk.edu.hk/welcome/governance.html]
[media.sg.digistormhosting.com.au/aishk-hk-244-website/content/IMG_34645898.jpg]
[media.digistormhosting.com.au/aishk-hk-244-website/documents/Mina-Dunstan_-01.jpg]
[digistorm-websites-sg.s3-ap-southeast-1.amazonaws.com/aishk-hk-244-website/content/Staff-Photos/Christmas-David.jpg]
[digistorm-websites-sg.s3-ap-southeast-1.amazonaws.com/aishk-hk-244-website/content/Staff-Photos/Phillips-Peter.jpg]
[media.sg.digistormhosting.com.au/aishk-hk-244-website/content/Staff-Photos/BAI04.jpg]
[digistorm-websites-sg.s3-ap-southeast-1.amazonaws.com/aishk-hk-244-website/content/Staff-Photos/Kean-Brendan.jpg]
[media.sg.digistormhosting.com.au/aishk-hk-244-website/content/Staff-Photos/Bird_Christopher.jpg]
[media.sg.digistormhosting.com.au/aishk-hk-244-website/content/Staff-Photos/Botfield_Donna.jpg]
[www.aishk.edu.hk/welcome/our-staff.html]
[www.aishk.edu.hk/welcome/life-in-hong-kong.html]
[www.aishk.edu.hk/welcome/a-career-at-aishk.html]
[www.aishk.edu.hk/welcome/child-protection.html]
[www.aishk.edu.hk/school-life/the-school-day.html]
[www.aishk.edu.hk/school-life/weather-policy.html]
[www.aishk.edu.hk/school-life/extra-curricular-activities.html]
[media.sg.digistormhosting.com.au/aishk-hk-244-website/content/Hartnett-Joanna-014a9e.jpg]
[www.aishk.edu.hk/school-life/parent-association/2023-class-representatives.html]
[media.sg.digistormhosting.com.au/aishk-hk-244-website/content/News/PA-Events-Calendar_v4-1024x1024fdd7.jpg]
[media.sg.digistormhosting.com.au/aishk-hk-244-website/documents/Parent-Association_AISHK-Website-Banner-Hi-Res3860.png]
[www.aishk.edu.hk/school-life/parent-association.html]
[www.aishk.edu.hk/school-life/student-support.html]
[www.aishk.edu.hk/school-life/calendars-and-key-dates.html]
[media.sg.digistormhosting.com.au/aishk-hk-244-website/content/midas_register64a8.png]
[media.sg.digistormhosting.com.au/aishk-hk-244-website/content/midas_details622a.png]
[media.sg.digistormhosting.com.au/aishk-hk-244-website/content/Online-Uniform-Shop-Bannered25.png]
[media.sg.digistormhosting.com.au/aishk-hk-244-website/content/Uniform3eb5.jpg]
[www.aishk.edu.hk/school-life/school-uniform.html]
[www.aishk.edu.hk/school-life/food-and-catering.html]
[www.aishk.edu.hk/school-life/school-transport.html]
[www.aishk.edu.hk/admissions/why-aishk.html]
[media.sg.digistormhosting.com.au/aishk-hk-244-website/content/placeholder-images/school_tour_2022_ctaf591.png]
[www.aishk.edu.hk/admissions/book-a-tour.html]
[media.sg.digistormhosting.com.au/aishk-hk-244-website/content/Admissions-guide-age-range-20255263.png]
[www.aishk.edu.hk/admissions/application-information.html]
[www.aishk.edu.hk/admissions/tuition-and-fees.html]
[www.aishk.edu.hk/new-family-information.html]
[www.aishk.edu.hk/img/logo.svg]
[www.aishk.edu.hk/learning/our-approach.html]
[media.sg.digistormhosting.com.au/aishk-hk-244-website/content/Early-Childhood_CS0564.jpg]
[media.sg.digistormhosting.com.au/aishk-hk-244-website/content/IMG_853681db.jpg]
[media.sg.digistormhosting.com.au/aishk-hk-244-website/content/Media-Gallery/Primary5875.jpg]
[www.aishk.edu.hk/learning/primary.html]
[media.sg.digistormhosting.com.au/aishk-hk-244-website/content/Media-Gallery/Secondaryce69.jpg]
[www.aishk.edu.hk/learning/secondary.html]
[www.aishk.edu.hk/learning/library-services.html]
[www.aishk.edu.hk/learning/language-and-culture.html]
[media.sg.digistormhosting.com.au/aishk-hk-244-website/content/ATAR-1024x10248628.jpg]
[media.sg.digistormhosting.com.au/aishk-hk-244-website/content/HSC-1024x102405fa.jpg]
[media.sg.digistormhosting.com.au/aishk-hk-244-website/content/IB-1024x1024c3cc.jpg]
[www.aishk.edu.hk/learning/results-and-pathways.html]
[media.sg.digistormhosting.com.au/aishk-hk-244-website/content/issfhk39c31.jpg]
[media.sg.digistormhosting.com.au/aishk-hk-244-website/content/cricket458bb.jpg]
[media.sg.digistormhosting.com.au/aishk-hk-244-website/content/SDRC-soccer4414.jpg]
[media.sg.digistormhosting.com.au/aishk-hk-244-website/content/AISA-Sharjahd15e.jpg]
[media.sg.digistormhosting.com.au/aishk-hk-244-website/content/ACAMIS-BB-Girlscc16.jpg]
[media.sg.digistormhosting.com.au/aishk-hk-244-website/content/HKSSF-Swimming4a31.jpg]
[media.sg.digistormhosting.com.au/aishk-hk-244-website/content/Media-Gallery/Sport/IMG_6261ee05.jpg]
[media.sg.digistormhosting.com.au/aishk-hk-244-website/content/IMG_08404f57.jpg]
[media.sg.digistormhosting.com.au/aishk-hk-244-website/content/Tug-o-war-WHd27d.jpg]
[media.sg.digistormhosting.com.au/aishk-hk-244-website/content/IMG_1741262a.jpg]
[media.sg.digistormhosting.com.au/aishk-hk-244-website/content/Fact-at-a-Glance_2020-website_ECA7831.jpg]
[www.aishk.edu.hk/beyond-the-classroom/sport.html]
[www.aishk.edu.hk/beyond-the-classroom/performing-arts.html]
[media.sg.digistormhosting.com.au/aishk-hk-244-website/content/IMG_8393d737.jpg]
[media.sg.digistormhosting.com.au/aishk-hk-244-website/content/IMG_94415e67.jpg]
[www.aishk.edu.hk/beyond-the-classroom/art-and-design.html]
[media.sg.digistormhosting.com.au/aishk-hk-244-website/content/IMG_570651e3.jpg]
[www.aishk.edu.hk/beyond-the-classroom/camps-and-experiences.html]
[media.sg.digistormhosting.com.au/aishk-hk-244-website/video/YES-Club-Background8c15.jpg]
[media.sg.digistormhosting.com.au/aishk-hk-244-website/video/Out-and-About-1f130.jpg]
[www.aishk.edu.hk/beyond-the-classroom/giving-back.html]
[cdn-images.mailchimp.com/embedcode/classic-10_7.css]
[s3.amazonaws.com/downloads.mailchimp.com/js/mc-validate.js]
[www.aishk.edu.hk/connect/news-and-events.html]
[www.aishk.edu.hk/connect/publications.html]
[media.sg.digistormhosting.com.au/aishk-hk-244-website/documents/HK-Alumni-Gathering_Eventbrited3bb.jpg]
[media.sg.digistormhosting.com.au/aishk-hk-244-website/documents/Alumni/AISHK_AlumniSYD-19576.png]
[www.aishk.edu.hk/connect/alumni-association.html]
[www.aishk.edu.hk/connect/support-aishk.html]
[www.aishk.edu.hk/connect/contact-us.html]
[www.aishk.edu.hk/connect/follow-us.html]
[www.aishk.edu.hk/img/loading.svg]
[www.aishk.edu.hk/fonts/AISHK/iconfont086e.svg]
[www.aishk.edu.hk/fonts/AvenirNext-DemiBold/AvenirNext-DemiBold.svg]
[www.aishk.edu.hk/fonts/AvenirNext-Bold/AvenirNext-Bold.svg]
[www.aishk.edu.hk/fonts/AvenirLTStd-Roman/AvenirLTStd-Roman.svg]
[www.aishk.edu.hk/fonts/AvenirNext-Medium/AvenirNext-Medium.svg]
[www.aishk.edu.hk/fonts/AvenirNext-Italic/AvenirNext-Italic.svg]
[www.aishk.edu.hk/img/white-oval.svg]
[www.aishk.edu.hk/img/white-oval-down.svg]
[www.aishk.edu.hk/img/green-oval-down.svg]
[www.aishk.edu.hk/img/white-oval-shadow.svg]
[www.aishk.edu.hk/admin/entries/pages/{asset_4670}.html]
[www.aishk.edu.hk/school-life/parent-association/2023-class-representatives.html]
[cdn-images.mailchimp.com/embedcode/classic-10_7.css]
